/usr/local/lib/python3.13/dist-packages/jax/_src/cloud_tpu_init.py:86: UserWarning: Transparent hugepages are not enabled. TPU runtime startup and shutdown time should be significantly improved on TPU v5e and newer. If not already set, you may need to enable transparent hugepages in your VM image (sudo sh -c "echo always > /sys/kernel/mm/transparent_hugepage/enabled")
  warnings.warn(
N8 [1/16] qwen06_m1024_swiglu starting
N8 [1/16] qwen06_m1024_swiglu complete
N8 [2/16] qwen06_m1024_residual starting
N8 [2/16] qwen06_m1024_residual complete
N8 [3/16] qwen06_m2048_swiglu starting
N8 [3/16] qwen06_m2048_swiglu complete
N8 [4/16] qwen06_m2048_residual starting
N8 [4/16] qwen06_m2048_residual complete
N8 [5/16] mistral7b_m512_swiglu starting
N8 [5/16] mistral7b_m512_swiglu complete
N8 [6/16] mistral7b_m512_residual starting
N8 [6/16] mistral7b_m512_residual complete
N8 [7/16] mistral7b_m1024_swiglu starting
N8 [7/16] mistral7b_m1024_swiglu complete
N8 [8/16] mistral7b_m1024_residual starting
N8 [8/16] mistral7b_m1024_residual complete
N8 [9/16] mistral7b_m2048_swiglu starting
N8 [9/16] mistral7b_m2048_swiglu complete
N8 [10/16] mistral7b_m2048_residual starting
N8 [10/16] mistral7b_m2048_residual complete
N8 [11/16] qwen32b_m512_swiglu starting
N8 [11/16] qwen32b_m512_swiglu complete
N8 [12/16] qwen32b_m512_residual starting
N8 [12/16] qwen32b_m512_residual complete
N8 [13/16] qwen32b_m1024_swiglu starting
N8 [13/16] qwen32b_m1024_swiglu complete
N8 [14/16] qwen32b_m1024_residual starting
N8 [14/16] qwen32b_m1024_residual complete
N8 [15/16] qwen32b_m2048_swiglu starting
N8 [15/16] qwen32b_m2048_swiglu complete
N8 [16/16] qwen32b_m2048_residual starting
N8 [16/16] qwen32b_m2048_residual complete
