/usr/local/lib/python3.13/dist-packages/jax/_src/cloud_tpu_init.py:86: UserWarning: Transparent hugepages are not enabled. TPU runtime startup and shutdown time should be significantly improved on TPU v5e and newer. If not already set, you may need to enable transparent hugepages in your VM image (sudo sh -c "echo always > /sys/kernel/mm/transparent_hugepage/enabled")
  warnings.warn(
N1: 44 groups; TPU v5 lite; allocation tpu-v5e1-s-kkb-usw1c1-21as5yio8er1q
[1/44] square_512__256x256x256 starting
[1/44] complete; {'ok': 8}
[2/44] tail_513__256x256x256 starting
[2/44] complete; {'ok': 16}
[3/44] small_m_1__256x256x256 starting
[3/44] complete; {'ok': 24}
[4/44] small_m_8__256x256x256 starting
[4/44] complete; {'ok': 32}
[5/44] small_m_64__256x256x256 starting
[5/44] complete; {'ok': 40}
[6/44] square_1024__256x256x256 starting
[6/44] complete; {'ok': 48}
[7/44] tail_deep__256x256x256 starting
[7/44] complete; {'ok': 56}
[8/44] small_m_256__256x256x256 starting
[8/44] complete; {'ok': 64}
[9/44] tail_tall__256x256x256 starting
[9/44] complete; {'ok': 72}
[10/44] mistral7_kv_m512__256x256x256 starting
[10/44] complete; {'ok': 80}
[11/44] vary_m_512__256x256x256 starting
[11/44] complete; {'ok': 88}
[12/44] vary_n_512__256x256x256 starting
[12/44] complete; {'ok': 96}
[13/44] qwen32_kv_m512__256x256x256 starting
[13/44] complete; {'ok': 104}
[14/44] vary_k_512__256x256x256 starting
[14/44] complete; {'ok': 112}
[15/44] gemma9_q_m512__256x256x256 starting
[15/44] complete; {'ok': 120}
[16/44] mkn_2048_8192_512__256x256x256 starting
[16/44] complete; {'ok': 128}
[17/44] mkn_512_8192_2048__256x256x256 starting
[17/44] complete; {'ok': 136}
[18/44] square_2048__256x256x256 starting
[18/44] complete; {'ok': 144}
[19/44] tail_wide__256x256x256 starting
[19/44] complete; {'ok': 152}
[20/44] mkn_512_2048_8192__256x256x256 starting
[20/44] complete; {'ok': 160}
[21/44] mkn_8192_2048_512__256x256x256 starting
[21/44] complete; {'ok': 168}
[22/44] vary_k_8192__256x256x256 starting
[22/44] complete; {'ok': 176}
[23/44] qwen32_o_m512__256x256x256 starting
[23/44] complete; {'ok': 184}
[24/44] qwen32_q_m512__256x256x256 starting
[24/44] complete; {'ok': 192}
[25/44] gemma9_down_m512__256x256x256 starting
[25/44] complete; {'ok': 200}
[26/44] mkn_2048_512_8192__256x256x256 starting
[26/44] complete; {'ok': 208}
[27/44] mkn_8192_512_2048__256x256x256 starting
[27/44] complete; {'ok': 216}
[28/44] mistral7_down_m512__256x256x256 starting
[28/44] complete; {'ok': 224}
[29/44] vary_m_8192__256x256x256 starting
[29/44] complete; {'ok': 232}
[30/44] vary_n_8192__256x256x256 starting
[30/44] complete; {'ok': 240}
[31/44] square_4096__256x256x256 starting
[31/44] complete; {'ok': 248}
[32/44] gemma9_gate_up_m64__256x256x256 starting
[32/44] complete; {'ok': 256}
[33/44] mistral7_gate_up_m64__256x256x256 starting
[33/44] complete; {'ok': 264}
[34/44] qwen32_down_m512__256x256x256 starting
[34/44] complete; {'ok': 272}
[35/44] gemma9_gate_up_m512__256x256x256 starting
[35/44] complete; {'ok': 280}
[36/44] mistral7_gate_up_m512__256x256x256 starting
[36/44] complete; {'ok': 288}
[37/44] qwen32_gate_up_m1__256x256x256 starting
[37/44] complete; {'ok': 296}
[38/44] qwen32_gate_up_m64__256x256x256 starting
[38/44] complete; {'ok': 304}
[39/44] gemma9_gate_up_m2048__256x256x256 starting
[39/44] complete; {'ok': 312}
[40/44] mistral7_gate_up_m2048__256x256x256 starting
[40/44] complete; {'ok': 320}
[41/44] qwen32_gate_up_m512__256x256x256 starting
[41/44] complete; {'ok': 328}
[42/44] square_8192__256x256x256 starting
[42/44] complete; {'ok': 336}
[43/44] qwen32_gate_up_m2048__256x256x256 starting
[43/44] complete; {'ok': 344}
[44/44] qwen32_gate_up_m8192__256x256x256 starting
[44/44] complete; {'ok': 352}
