/usr/local/lib/python3.13/dist-packages/jax/_src/cloud_tpu_init.py:86: UserWarning: Transparent hugepages are not enabled. TPU runtime startup and shutdown time should be significantly improved on TPU v5e and newer. If not already set, you may need to enable transparent hugepages in your VM image (sudo sh -c "echo always > /sys/kernel/mm/transparent_hugepage/enabled")
  warnings.warn(
N5-confirm: 16 groups; fixed v5e cohort tpu-v5e1-s-kkb-usw1c1-3iv9vtqwssy8q
[1/16] square_512__fresh_confirmation starting
[1/16] complete; {'ok': 6}
[2/16] tail_513__fresh_confirmation starting
[2/16] complete; {'ok': 12}
[3/16] small_m_8__fresh_confirmation starting
[3/16] complete; {'ok': 18}
[4/16] small_m_64__fresh_confirmation starting
[4/16] complete; {'ok': 24}
[5/16] mkn_512_8192_2048__fresh_confirmation starting
[5/16] complete; {'ok': 30}
[6/16] square_2048__fresh_confirmation starting
[6/16] complete; {'ok': 36}
[7/16] tail_wide__fresh_confirmation starting
[7/16] complete; {'ok': 42}
[8/16] vary_k_8192__fresh_confirmation starting
[8/16] complete; {'ok': 48}
[9/16] vary_m_8192__fresh_confirmation starting
[9/16] complete; {'ok': 54}
[10/16] vary_n_8192__fresh_confirmation starting
[10/16] complete; {'ok': 60}
[11/16] square_4096__fresh_confirmation starting
[11/16] complete; {'ok': 66}
[12/16] gemma9_gate_up_m512__fresh_confirmation starting
[12/16] complete; {'ok': 72}
[13/16] mistral7_gate_up_m512__fresh_confirmation starting
[13/16] complete; {'ok': 78}
[14/16] qwen32_gate_up_m512__fresh_confirmation starting
[14/16] complete; {'ok': 84}
[15/16] square_8192__fresh_confirmation starting
[15/16] complete; {'ok': 90}
[16/16] qwen32_gate_up_m8192__fresh_confirmation starting
[16/16] complete; {'ok': 96}
