/usr/local/lib/python3.13/dist-packages/jax/_src/cloud_tpu_init.py:86: UserWarning: Transparent hugepages are not enabled. TPU runtime startup and shutdown time should be significantly improved on TPU v5e and newer. If not already set, you may need to enable transparent hugepages in your VM image (sudo sh -c "echo always > /sys/kernel/mm/transparent_hugepage/enabled")
  warnings.warn(
N6 [1/3] vary_m_8192__profile
E0919 06:47:54.410847   21264 python_hooks.cc:416] Can't import tensorflow.python.profiler.trace
E0919 06:47:54.425442   21264 python_hooks.cc:416] Can't import tensorflow.python.profiler.trace
E0919 06:47:54.470822   21264 python_hooks.cc:416] Can't import tensorflow.python.profiler.trace
E0919 06:47:54.481981   21264 python_hooks.cc:416] Can't import tensorflow.python.profiler.trace
E0919 06:47:54.528289   21264 python_hooks.cc:416] Can't import tensorflow.python.profiler.trace
E0919 06:47:54.539013   21264 python_hooks.cc:416] Can't import tensorflow.python.profiler.trace
E0919 06:47:54.586004   21264 python_hooks.cc:416] Can't import tensorflow.python.profiler.trace
E0919 06:47:54.597603   21264 python_hooks.cc:416] Can't import tensorflow.python.profiler.trace
E0919 06:47:54.645555   21264 python_hooks.cc:416] Can't import tensorflow.python.profiler.trace
E0919 06:47:54.656751   21264 python_hooks.cc:416] Can't import tensorflow.python.profiler.trace
E0919 06:47:54.702787   21264 python_hooks.cc:416] Can't import tensorflow.python.profiler.trace
E0919 06:47:54.713600   21264 python_hooks.cc:416] Can't import tensorflow.python.profiler.trace
N6 [2/3] mkn_512_8192_2048__profile
E0919 06:47:57.530897   21264 python_hooks.cc:416] Can't import tensorflow.python.profiler.trace
E0919 06:47:57.538163   21264 python_hooks.cc:416] Can't import tensorflow.python.profiler.trace
E0919 06:47:57.574977   21264 python_hooks.cc:416] Can't import tensorflow.python.profiler.trace
E0919 06:47:57.581705   21264 python_hooks.cc:416] Can't import tensorflow.python.profiler.trace
E0919 06:47:57.619499   21264 python_hooks.cc:416] Can't import tensorflow.python.profiler.trace
E0919 06:47:57.626016   21264 python_hooks.cc:416] Can't import tensorflow.python.profiler.trace
E0919 06:47:57.669148   21264 python_hooks.cc:416] Can't import tensorflow.python.profiler.trace
E0919 06:47:57.675821   21264 python_hooks.cc:416] Can't import tensorflow.python.profiler.trace
E0919 06:47:57.719793   21264 python_hooks.cc:416] Can't import tensorflow.python.profiler.trace
E0919 06:47:57.726242   21264 python_hooks.cc:416] Can't import tensorflow.python.profiler.trace
E0919 06:47:57.764279   21264 python_hooks.cc:416] Can't import tensorflow.python.profiler.trace
E0919 06:47:57.770721   21264 python_hooks.cc:416] Can't import tensorflow.python.profiler.trace
N6 [3/3] small_m_8__profile
E0919 06:47:59.751753   21264 python_hooks.cc:416] Can't import tensorflow.python.profiler.trace
E0919 06:47:59.759655   21264 python_hooks.cc:416] Can't import tensorflow.python.profiler.trace
E0919 06:47:59.793402   21264 python_hooks.cc:416] Can't import tensorflow.python.profiler.trace
E0919 06:47:59.800827   21264 python_hooks.cc:416] Can't import tensorflow.python.profiler.trace
E0919 06:47:59.836710   21264 python_hooks.cc:416] Can't import tensorflow.python.profiler.trace
E0919 06:47:59.844197   21264 python_hooks.cc:416] Can't import tensorflow.python.profiler.trace
E0919 06:47:59.878955   21264 python_hooks.cc:416] Can't import tensorflow.python.profiler.trace
E0919 06:47:59.886590   21264 python_hooks.cc:416] Can't import tensorflow.python.profiler.trace
E0919 06:47:59.920954   21264 python_hooks.cc:416] Can't import tensorflow.python.profiler.trace
E0919 06:47:59.928375   21264 python_hooks.cc:416] Can't import tensorflow.python.profiler.trace
E0919 06:47:59.964789   21264 python_hooks.cc:416] Can't import tensorflow.python.profiler.trace
E0919 06:47:59.972979   21264 python_hooks.cc:416] Can't import tensorflow.python.profiler.trace
