Collecting transformers==4.56.2
  Downloading transformers-4.56.2-py3-none-any.whl.metadata (40 kB)
     ━━━━━━━━━━━━━━━━━━━━━━━━━━━━━━━━━━━━━━━━ 40.1/40.1 kB 21.5 MB/s eta 0:00:00
Collecting tokenizers==0.22.0
  Downloading tokenizers-0.22.0-cp39-abi3-manylinux_2_17_x86_64.manylinux2014_x86_64.whl.metadata (6.8 kB)
Collecting huggingface-hub==0.34.4
  Downloading huggingface_hub-0.34.4-py3-none-any.whl.metadata (14 kB)
Collecting safetensors==0.6.2
  Downloading safetensors-0.6.2-cp38-abi3-manylinux_2_17_x86_64.manylinux2014_x86_64.whl.metadata (4.1 kB)
Collecting numpy==2.2.6
  Downloading numpy-2.2.6-cp313-cp313-manylinux_2_17_x86_64.manylinux2014_x86_64.whl.metadata (62 kB)
     ━━━━━━━━━━━━━━━━━━━━━━━━━━━━━━━━━━━━━━━━ 62.0/62.0 kB 53.5 MB/s eta 0:00:00
Collecting pyarrow==21.0.0
  Downloading pyarrow-21.0.0-cp313-cp313-manylinux_2_28_x86_64.whl.metadata (3.3 kB)
Collecting sentencepiece==0.2.1
  Downloading sentencepiece-0.2.1-cp313-cp313-manylinux_2_27_x86_64.manylinux_2_28_x86_64.whl.metadata (10 kB)
Collecting accelerate==1.10.1
  Downloading accelerate-1.10.1-py3-none-any.whl.metadata (19 kB)
Requirement already satisfied: filelock in /content/Strassen_MM_Focus/model-tools-v002/lib/python3.13/site-packages (from transformers==4.56.2) (3.32.3)
Collecting packaging>=20.0 (from transformers==4.56.2)
  Downloading packaging-26.3-py3-none-any.whl.metadata (3.5 kB)
Collecting pyyaml>=5.1 (from transformers==4.56.2)
  Downloading pyyaml-6.0.3-cp313-cp313-manylinux2014_x86_64.manylinux_2_17_x86_64.manylinux_2_28_x86_64.whl.metadata (2.4 kB)
Collecting regex!=2019.12.17 (from transformers==4.56.2)
  Downloading regex-2026.9.10-cp313-cp313-manylinux2014_x86_64.manylinux_2_17_x86_64.manylinux_2_28_x86_64.whl.metadata (40 kB)
     ━━━━━━━━━━━━━━━━━━━━━━━━━━━━━━━━━━━━━━━ 40.6/40.6 kB 293.6 MB/s eta 0:00:00
Collecting requests (from transformers==4.56.2)
  Downloading requests-2.34.2-py3-none-any.whl.metadata (4.8 kB)
Collecting tqdm>=4.27 (from transformers==4.56.2)
  Downloading tqdm-4.70.1-py3-none-any.whl.metadata (57 kB)
     ━━━━━━━━━━━━━━━━━━━━━━━━━━━━━━━━━━━━━━━ 57.4/57.4 kB 354.2 MB/s eta 0:00:00
Requirement already satisfied: fsspec>=2023.5.0 in /content/Strassen_MM_Focus/model-tools-v002/lib/python3.13/site-packages (from huggingface-hub==0.34.4) (2026.7.0)
Requirement already satisfied: typing-extensions>=3.7.4.3 in /content/Strassen_MM_Focus/model-tools-v002/lib/python3.13/site-packages (from huggingface-hub==0.34.4) (4.16.0)
Collecting hf-xet<2.0.0,>=1.1.3 (from huggingface-hub==0.34.4)
  Downloading hf_xet-1.6.0-cp38-abi3-manylinux2014_x86_64.manylinux_2_17_x86_64.whl.metadata (4.9 kB)
Collecting psutil (from accelerate==1.10.1)
  Downloading psutil-7.2.2-cp36-abi3-manylinux2010_x86_64.manylinux_2_12_x86_64.manylinux_2_28_x86_64.whl.metadata (22 kB)
Requirement already satisfied: torch>=2.0.0 in /content/Strassen_MM_Focus/model-tools-v002/lib/python3.13/site-packages (from accelerate==1.10.1) (2.8.0+cpu)
Requirement already satisfied: setuptools in /content/Strassen_MM_Focus/model-tools-v002/lib/python3.13/site-packages (from torch>=2.0.0->accelerate==1.10.1) (78.1.0)
Requirement already satisfied: sympy>=1.13.3 in /content/Strassen_MM_Focus/model-tools-v002/lib/python3.13/site-packages (from torch>=2.0.0->accelerate==1.10.1) (1.14.0)
Requirement already satisfied: networkx in /content/Strassen_MM_Focus/model-tools-v002/lib/python3.13/site-packages (from torch>=2.0.0->accelerate==1.10.1) (3.6.1)
Requirement already satisfied: jinja2 in /content/Strassen_MM_Focus/model-tools-v002/lib/python3.13/site-packages (from torch>=2.0.0->accelerate==1.10.1) (3.1.6)
Collecting charset_normalizer<4,>=2 (from requests->transformers==4.56.2)
  Downloading charset_normalizer-3.5.1-cp313-cp313-manylinux2014_x86_64.manylinux_2_17_x86_64.manylinux_2_28_x86_64.whl.metadata (45 kB)
     ━━━━━━━━━━━━━━━━━━━━━━━━━━━━━━━━━━━━━━━ 45.9/45.9 kB 292.4 MB/s eta 0:00:00
Collecting idna<4,>=2.5 (from requests->transformers==4.56.2)
  Downloading idna-3.20-py3-none-any.whl.metadata (7.2 kB)
Collecting urllib3<3,>=1.26 (from requests->transformers==4.56.2)
  Downloading urllib3-2.8.0-py3-none-any.whl.metadata (7.4 kB)
Collecting certifi>=2023.5.7 (from requests->transformers==4.56.2)
  Downloading certifi-2026.7.22-py3-none-any.whl.metadata (2.5 kB)
Requirement already satisfied: mpmath<1.4,>=1.1.0 in /content/Strassen_MM_Focus/model-tools-v002/lib/python3.13/site-packages (from sympy>=1.13.3->torch>=2.0.0->accelerate==1.10.1) (1.3.0)
Requirement already satisfied: MarkupSafe>=2.0 in /content/Strassen_MM_Focus/model-tools-v002/lib/python3.13/site-packages (from jinja2->torch>=2.0.0->accelerate==1.10.1) (3.0.3)
Downloading transformers-4.56.2-py3-none-any.whl (11.6 MB)
   ━━━━━━━━━━━━━━━━━━━━━━━━━━━━━━━━━━━━━━━━ 11.6/11.6 MB 311.3 MB/s eta 0:00:00
Downloading tokenizers-0.22.0-cp39-abi3-manylinux_2_17_x86_64.manylinux2014_x86_64.whl (3.3 MB)
   ━━━━━━━━━━━━━━━━━━━━━━━━━━━━━━━━━━━━━━━━ 3.3/3.3 MB 129.8 MB/s eta 0:00:00
Downloading huggingface_hub-0.34.4-py3-none-any.whl (561 kB)
   ━━━━━━━━━━━━━━━━━━━━━━━━━━━━━━━━━━━━━━━ 561.5/561.5 kB 409.6 MB/s eta 0:00:00
Downloading safetensors-0.6.2-cp38-abi3-manylinux_2_17_x86_64.manylinux2014_x86_64.whl (485 kB)
   ━━━━━━━━━━━━━━━━━━━━━━━━━━━━━━━━━━━━━━━ 485.8/485.8 kB 120.4 MB/s eta 0:00:00
Downloading numpy-2.2.6-cp313-cp313-manylinux_2_17_x86_64.manylinux2014_x86_64.whl (16.5 MB)
   ━━━━━━━━━━━━━━━━━━━━━━━━━━━━━━━━━━━━━━━━ 16.5/16.5 MB 262.6 MB/s eta 0:00:00
Downloading pyarrow-21.0.0-cp313-cp313-manylinux_2_28_x86_64.whl (42.8 MB)
   ━━━━━━━━━━━━━━━━━━━━━━━━━━━━━━━━━━━━━━━━ 42.8/42.8 MB 208.3 MB/s eta 0:00:00
Downloading sentencepiece-0.2.1-cp313-cp313-manylinux_2_27_x86_64.manylinux_2_28_x86_64.whl (1.4 MB)
   ━━━━━━━━━━━━━━━━━━━━━━━━━━━━━━━━━━━━━━━━ 1.4/1.4 MB 419.8 MB/s eta 0:00:00
Downloading accelerate-1.10.1-py3-none-any.whl (374 kB)
   ━━━━━━━━━━━━━━━━━━━━━━━━━━━━━━━━━━━━━━━ 374.9/374.9 kB 462.1 MB/s eta 0:00:00
Downloading hf_xet-1.6.0-cp38-abi3-manylinux2014_x86_64.manylinux_2_17_x86_64.whl (4.5 MB)
   ━━━━━━━━━━━━━━━━━━━━━━━━━━━━━━━━━━━━━━━━ 4.5/4.5 MB 281.6 MB/s eta 0:00:00
Downloading packaging-26.3-py3-none-any.whl (129 kB)
   ━━━━━━━━━━━━━━━━━━━━━━━━━━━━━━━━━━━━━━━ 130.0/130.0 kB 397.9 MB/s eta 0:00:00
Downloading pyyaml-6.0.3-cp313-cp313-manylinux2014_x86_64.manylinux_2_17_x86_64.manylinux_2_28_x86_64.whl (801 kB)
   ━━━━━━━━━━━━━━━━━━━━━━━━━━━━━━━━━━━━━━━ 801.6/801.6 kB 448.6 MB/s eta 0:00:00
Downloading regex-2026.9.10-cp313-cp313-manylinux2014_x86_64.manylinux_2_17_x86_64.manylinux_2_28_x86_64.whl (804 kB)
   ━━━━━━━━━━━━━━━━━━━━━━━━━━━━━━━━━━━━━━━ 804.6/804.6 kB 399.6 MB/s eta 0:00:00
Downloading tqdm-4.70.1-py3-none-any.whl (80 kB)
   ━━━━━━━━━━━━━━━━━━━━━━━━━━━━━━━━━━━━━━━━ 80.2/80.2 kB 374.0 MB/s eta 0:00:00
Downloading psutil-7.2.2-cp36-abi3-manylinux2010_x86_64.manylinux_2_12_x86_64.manylinux_2_28_x86_64.whl (155 kB)
   ━━━━━━━━━━━━━━━━━━━━━━━━━━━━━━━━━━━━━━━ 155.6/155.6 kB 471.2 MB/s eta 0:00:00
Downloading requests-2.34.2-py3-none-any.whl (73 kB)
   ━━━━━━━━━━━━━━━━━━━━━━━━━━━━━━━━━━━━━━━━ 73.1/73.1 kB 302.0 MB/s eta 0:00:00
Downloading certifi-2026.7.22-py3-none-any.whl (136 kB)
   ━━━━━━━━━━━━━━━━━━━━━━━━━━━━━━━━━━━━━━━ 137.0/137.0 kB 409.2 MB/s eta 0:00:00
Downloading charset_normalizer-3.5.1-cp313-cp313-manylinux2014_x86_64.manylinux_2_17_x86_64.manylinux_2_28_x86_64.whl (250 kB)
   ━━━━━━━━━━━━━━━━━━━━━━━━━━━━━━━━━━━━━━━ 250.6/250.6 kB 363.0 MB/s eta 0:00:00
Downloading idna-3.20-py3-none-any.whl (69 kB)
   ━━━━━━━━━━━━━━━━━━━━━━━━━━━━━━━━━━━━━━━━ 69.6/69.6 kB 285.7 MB/s eta 0:00:00
Downloading urllib3-2.8.0-py3-none-any.whl (135 kB)
   ━━━━━━━━━━━━━━━━━━━━━━━━━━━━━━━━━━━━━━━ 135.7/135.7 kB 361.8 MB/s eta 0:00:00
Installing collected packages: urllib3, tqdm, sentencepiece, safetensors, regex, pyyaml, pyarrow, psutil, packaging, numpy, idna, hf-xet, charset_normalizer, certifi, requests, huggingface-hub, tokenizers, accelerate, transformers
Successfully installed accelerate-1.10.1 certifi-2026.7.22 charset_normalizer-3.5.1 hf-xet-1.6.0 huggingface-hub-0.34.4 idna-3.20 numpy-2.2.6 packaging-26.3 psutil-7.2.2 pyarrow-21.0.0 pyyaml-6.0.3 regex-2026.9.10 requests-2.34.2 safetensors-0.6.2 sentencepiece-0.2.1 tokenizers-0.22.0 tqdm-4.70.1 transformers-4.56.2 urllib3-2.8.0
