/usr/local/lib/python3.13/dist-packages/jax/_src/cloud_tpu_init.py:86: UserWarning: Transparent hugepages are not enabled. TPU runtime startup and shutdown time should be significantly improved on TPU v5e and newer. If not already set, you may need to enable transparent hugepages in your VM image (sudo sh -c "echo always > /sys/kernel/mm/transparent_hugepage/enabled")
  warnings.warn(
N5-screen: 320 groups; fixed v5e cohort tpu-v5e1-s-kkb-usw1c1-3iv9vtqwssy8q
[1/320] square_512__candidate_pair_000 starting
[1/320] complete; {'ok': 6}
[2/320] square_512__candidate_pair_001 starting
[2/320] complete; {'ok': 10}
[3/320] square_512__candidate_pair_002 starting
[3/320] complete; {'ok': 14}
[4/320] square_512__candidate_pair_003 starting
[4/320] complete; {'ok': 18}
[5/320] square_512__candidate_pair_004 starting
[5/320] complete; {'ok': 22}
[6/320] square_512__candidate_pair_005 starting
[6/320] complete; {'ok': 26}
[7/320] square_512__candidate_pair_006 starting
[7/320] complete; {'ok': 30}
[8/320] square_512__candidate_pair_007 starting
[8/320] complete; {'ok': 34}
[9/320] square_512__candidate_pair_008 starting
[9/320] complete; {'ok': 38}
[10/320] square_512__candidate_pair_009 starting
[10/320] complete; {'ok': 42}
[11/320] square_512__candidate_pair_010 starting
[11/320] complete; {'ok': 46}
[12/320] square_512__candidate_pair_011 starting
[12/320] complete; {'ok': 50}
[13/320] square_512__candidate_pair_012 starting
[13/320] complete; {'ok': 54}
[14/320] square_512__candidate_pair_013 starting
[14/320] complete; {'ok': 58}
[15/320] square_512__candidate_pair_014 starting
[15/320] complete; {'ok': 62}
[16/320] square_512__candidate_pair_015 starting
[16/320] complete; {'ok': 66}
[17/320] square_512__candidate_pair_016 starting
[17/320] complete; {'ok': 70}
[18/320] square_512__candidate_pair_017 starting
[18/320] complete; {'ok': 74}
[19/320] square_512__candidate_pair_018 starting
[19/320] complete; {'ok': 78}
[20/320] square_512__candidate_pair_019 starting
[20/320] complete; {'ok': 82}
[21/320] tail_513__candidate_pair_000 starting
[21/320] complete; {'ok': 87, 'oom': 1}
[22/320] tail_513__candidate_pair_001 starting
[22/320] complete; {'ok': 91, 'oom': 1}
[23/320] tail_513__candidate_pair_002 starting
[23/320] complete; {'ok': 94, 'oom': 2}
[24/320] tail_513__candidate_pair_003 starting
[24/320] complete; {'ok': 98, 'oom': 2}
[25/320] tail_513__candidate_pair_004 starting
[25/320] complete; {'ok': 102, 'oom': 2}
[26/320] tail_513__candidate_pair_005 starting
[26/320] complete; {'ok': 106, 'oom': 2}
[27/320] tail_513__candidate_pair_006 starting
[27/320] complete; {'ok': 110, 'oom': 2}
[28/320] tail_513__candidate_pair_007 starting
[28/320] complete; {'ok': 114, 'oom': 2}
[29/320] tail_513__candidate_pair_008 starting
[29/320] complete; {'ok': 118, 'oom': 2}
[30/320] tail_513__candidate_pair_009 starting
[30/320] complete; {'ok': 122, 'oom': 2}
[31/320] tail_513__candidate_pair_010 starting
[31/320] complete; {'ok': 126, 'oom': 2}
[32/320] tail_513__candidate_pair_011 starting
[32/320] complete; {'ok': 129, 'oom': 3}
[33/320] tail_513__candidate_pair_012 starting
[33/320] complete; {'ok': 133, 'oom': 3}
[34/320] tail_513__candidate_pair_013 starting
[34/320] complete; {'ok': 137, 'oom': 3}
[35/320] tail_513__candidate_pair_014 starting
[35/320] complete; {'ok': 141, 'oom': 3}
[36/320] tail_513__candidate_pair_015 starting
[36/320] complete; {'ok': 145, 'oom': 3}
[37/320] tail_513__candidate_pair_016 starting
[37/320] complete; {'ok': 149, 'oom': 3}
[38/320] tail_513__candidate_pair_017 starting
[38/320] complete; {'ok': 153, 'oom': 3}
[39/320] tail_513__candidate_pair_018 starting
[39/320] complete; {'ok': 157, 'oom': 3}
[40/320] tail_513__candidate_pair_019 starting
[40/320] complete; {'ok': 161, 'oom': 3}
[41/320] small_m_8__candidate_pair_000 starting
[41/320] complete; {'ok': 167, 'oom': 3}
[42/320] small_m_8__candidate_pair_001 starting
[42/320] complete; {'ok': 171, 'oom': 3}
[43/320] small_m_8__candidate_pair_002 starting
[43/320] complete; {'ok': 175, 'oom': 3}
[44/320] small_m_8__candidate_pair_003 starting
[44/320] complete; {'ok': 178, 'oom': 4}
[45/320] small_m_8__candidate_pair_004 starting
[45/320] complete; {'ok': 181, 'oom': 5}
[46/320] small_m_8__candidate_pair_005 starting
[46/320] complete; {'ok': 185, 'oom': 5}
[47/320] small_m_8__candidate_pair_006 starting
[47/320] complete; {'ok': 189, 'oom': 5}
[48/320] small_m_8__candidate_pair_007 starting
[48/320] complete; {'ok': 193, 'oom': 5}
[49/320] small_m_8__candidate_pair_008 starting
[49/320] complete; {'ok': 197, 'oom': 5}
[50/320] small_m_8__candidate_pair_009 starting
[50/320] complete; {'ok': 201, 'oom': 5}
[51/320] small_m_8__candidate_pair_010 starting
[51/320] complete; {'ok': 205, 'oom': 5}
[52/320] small_m_8__candidate_pair_011 starting
[52/320] complete; {'ok': 209, 'oom': 5}
[53/320] small_m_8__candidate_pair_012 starting
[53/320] complete; {'ok': 213, 'oom': 5}
[54/320] small_m_8__candidate_pair_013 starting
[54/320] complete; {'ok': 217, 'oom': 5}
[55/320] small_m_8__candidate_pair_014 starting
[55/320] complete; {'ok': 220, 'oom': 6}
[56/320] small_m_8__candidate_pair_015 starting
[56/320] complete; {'ok': 224, 'oom': 6}
[57/320] small_m_8__candidate_pair_016 starting
[57/320] complete; {'ok': 228, 'oom': 6}
[58/320] small_m_8__candidate_pair_017 starting
[58/320] complete; {'ok': 232, 'oom': 6}
[59/320] small_m_8__candidate_pair_018 starting
