/usr/local/lib/python3.13/dist-packages/jax/_src/cloud_tpu_init.py:86: UserWarning: Transparent hugepages are not enabled. TPU runtime startup and shutdown time should be significantly improved on TPU v5e and newer. If not already set, you may need to enable transparent hugepages in your VM image (sudo sh -c "echo always > /sys/kernel/mm/transparent_hugepage/enabled")
  warnings.warn(
N2: 72 groups; TPU v5 lite; allocation tpu-v5e1-s-kkb-usw1c1-21as5yio8er1q
[1/72] square_512__1024x1024x512 starting
[1/72] complete; {'ok': 6}
[2/72] square_512__512x512x256 starting
[2/72] complete; {'ok': 12}
[3/72] square_512__256x256x256 starting
[3/72] complete; {'ok': 18}
[4/72] square_512__2048x2048x512 starting
[4/72] complete; {'ok': 24}
[5/72] square_512__512x1024x512 starting
[5/72] complete; {'ok': 30}
[6/72] square_512__1024x512x512 starting
[6/72] complete; {'ok': 36}
[7/72] tail_513__512x512x256 starting
[7/72] complete; {'ok': 42}
[8/72] tail_513__256x256x256 starting
[8/72] complete; {'ok': 48}
[9/72] tail_513__2048x2048x512 starting
[9/72] complete; {'ok': 51, 'oom': 3}
[10/72] tail_513__1024x512x512 starting
[10/72] complete; {'ok': 57, 'oom': 3}
[11/72] tail_513__1024x1024x512 starting
[11/72] complete; {'ok': 63, 'oom': 3}
[12/72] tail_513__512x1024x512 starting
[12/72] complete; {'ok': 69, 'oom': 3}
[13/72] small_m_8__1024x512x512 starting
[13/72] complete; {'ok': 75, 'oom': 3}
[14/72] small_m_8__1024x1024x512 starting
[14/72] complete; {'ok': 81, 'oom': 3}
[15/72] small_m_8__256x256x256 starting
[15/72] complete; {'ok': 87, 'oom': 3}
[16/72] small_m_8__2048x2048x512 starting
[16/72] complete; {'ok': 90, 'oom': 6}
[17/72] small_m_8__512x1024x512 starting
[17/72] complete; {'ok': 96, 'oom': 6}
[18/72] small_m_8__512x512x256 starting
[18/72] complete; {'ok': 102, 'oom': 6}
[19/72] square_2048__256x256x256 starting
[19/72] complete; {'ok': 108, 'oom': 6}
[20/72] square_2048__512x1024x512 starting
[20/72] complete; {'ok': 114, 'oom': 6}
[21/72] square_2048__1024x1024x512 starting
[21/72] complete; {'ok': 120, 'oom': 6}
[22/72] square_2048__512x512x256 starting
[22/72] complete; {'ok': 126, 'oom': 6}
[23/72] square_2048__1024x512x512 starting
[23/72] complete; {'ok': 132, 'oom': 6}
[24/72] square_2048__2048x2048x512 starting
[24/72] complete; {'ok': 132, 'oom': 12}
[25/72] vary_k_8192__512x1024x512 starting
[25/72] complete; {'ok': 138, 'oom': 12}
[26/72] vary_k_8192__2048x2048x512 starting
[26/72] complete; {'ok': 138, 'oom': 18}
[27/72] vary_k_8192__1024x512x512 starting
[27/72] complete; {'ok': 144, 'oom': 18}
[28/72] vary_k_8192__1024x1024x512 starting
[28/72] complete; {'ok': 150, 'oom': 18}
[29/72] vary_k_8192__256x256x256 starting
[29/72] complete; {'ok': 156, 'oom': 18}
[30/72] vary_k_8192__512x512x256 starting
[30/72] complete; {'ok': 162, 'oom': 18}
[31/72] vary_m_8192__256x256x256 starting
[31/72] complete; {'ok': 168, 'oom': 18}
[32/72] vary_m_8192__2048x2048x512 starting
[32/72] complete; {'ok': 168, 'oom': 24}
[33/72] vary_m_8192__512x512x256 starting
[33/72] complete; {'ok': 174, 'oom': 24}
[34/72] vary_m_8192__1024x1024x512 starting
[34/72] complete; {'ok': 180, 'oom': 24}
[35/72] vary_m_8192__512x1024x512 starting
[35/72] complete; {'ok': 186, 'oom': 24}
[36/72] vary_m_8192__1024x512x512 starting
[36/72] complete; {'ok': 192, 'oom': 24}
[37/72] vary_n_8192__512x1024x512 starting
[37/72] complete; {'ok': 198, 'oom': 24}
[38/72] vary_n_8192__512x512x256 starting
[38/72] complete; {'ok': 204, 'oom': 24}
[39/72] vary_n_8192__2048x2048x512 starting
[39/72] complete; {'ok': 204, 'oom': 30}
[40/72] vary_n_8192__1024x1024x512 starting
[40/72] complete; {'ok': 210, 'oom': 30}
[41/72] vary_n_8192__256x256x256 starting
[41/72] complete; {'ok': 216, 'oom': 30}
[42/72] vary_n_8192__1024x512x512 starting
[42/72] complete; {'ok': 222, 'oom': 30}
[43/72] square_4096__1024x512x512 starting
[43/72] complete; {'ok': 228, 'oom': 30}
[44/72] square_4096__2048x2048x512 starting
[44/72] complete; {'ok': 228, 'oom': 36}
[45/72] square_4096__1024x1024x512 starting
[45/72] complete; {'ok': 234, 'oom': 36}
[46/72] square_4096__512x1024x512 starting
[46/72] complete; {'ok': 240, 'oom': 36}
[47/72] square_4096__256x256x256 starting
[47/72] complete; {'ok': 246, 'oom': 36}
[48/72] square_4096__512x512x256 starting
[48/72] complete; {'ok': 252, 'oom': 36}
[49/72] gemma9_gate_up_m512__1024x512x512 starting
[49/72] complete; {'ok': 258, 'oom': 36}
[50/72] gemma9_gate_up_m512__2048x2048x512 starting
[50/72] complete; {'ok': 258, 'oom': 42}
[51/72] gemma9_gate_up_m512__256x256x256 starting
[51/72] complete; {'ok': 264, 'oom': 42}
[52/72] gemma9_gate_up_m512__512x1024x512 starting
[52/72] complete; {'ok': 270, 'oom': 42}
[53/72] gemma9_gate_up_m512__512x512x256 starting
[53/72] complete; {'ok': 276, 'oom': 42}
[54/72] gemma9_gate_up_m512__1024x1024x512 starting
[54/72] complete; {'ok': 282, 'oom': 42}
[55/72] mistral7_gate_up_m512__512x1024x512 starting
[55/72] complete; {'ok': 288, 'oom': 42}
[56/72] mistral7_gate_up_m512__2048x2048x512 starting
[56/72] complete; {'ok': 288, 'oom': 48}
[57/72] mistral7_gate_up_m512__512x512x256 starting
[57/72] complete; {'ok': 294, 'oom': 48}
[58/72] mistral7_gate_up_m512__1024x512x512 starting
[58/72] complete; {'ok': 300, 'oom': 48}
[59/72] mistral7_gate_up_m512__256x256x256 starting
[59/72] complete; {'ok': 306, 'oom': 48}
[60/72] mistral7_gate_up_m512__1024x1024x512 starting
[60/72] complete; {'ok': 312, 'oom': 48}
[61/72] qwen32_gate_up_m512__1024x512x512 starting
[61/72] complete; {'ok': 318, 'oom': 48}
[62/72] qwen32_gate_up_m512__512x1024x512 starting
[62/72] complete; {'ok': 324, 'oom': 48}
[63/72] qwen32_gate_up_m512__1024x1024x512 starting
[63/72] complete; {'ok': 330, 'oom': 48}
[64/72] qwen32_gate_up_m512__256x256x256 starting
[64/72] complete; {'ok': 336, 'oom': 48}
[65/72] qwen32_gate_up_m512__512x512x256 starting
[65/72] complete; {'ok': 342, 'oom': 48}
[66/72] qwen32_gate_up_m512__2048x2048x512 starting
[66/72] complete; {'ok': 342, 'oom': 54}
[67/72] qwen32_gate_up_m8192__512x512x256 starting
[67/72] complete; {'ok': 348, 'oom': 54}
[68/72] qwen32_gate_up_m8192__1024x1024x512 starting
[68/72] complete; {'ok': 354, 'oom': 54}
[69/72] qwen32_gate_up_m8192__2048x2048x512 starting
[69/72] complete; {'ok': 354, 'oom': 60}
[70/72] qwen32_gate_up_m8192__1024x512x512 starting
[70/72] complete; {'ok': 360, 'oom': 60}
[71/72] qwen32_gate_up_m8192__256x256x256 starting
[71/72] complete; {'ok': 366, 'oom': 60}
[72/72] qwen32_gate_up_m8192__512x1024x512 starting
[72/72] complete; {'ok': 372, 'oom': 60}
