/usr/local/lib/python3.13/dist-packages/jax/_src/cloud_tpu_init.py:86: UserWarning: Transparent hugepages are not enabled. TPU runtime startup and shutdown time should be significantly improved on TPU v5e and newer. If not already set, you may need to enable transparent hugepages in your VM image (sudo sh -c "echo always > /sys/kernel/mm/transparent_hugepage/enabled")
  warnings.warn(
N6 [1/2] qwen32_gate_up_m8192__profile
E0919 07:34:18.422732   37561 python_hooks.cc:416] Can't import tensorflow.python.profiler.trace
E0919 07:34:18.614589   37561 python_hooks.cc:416] Can't import tensorflow.python.profiler.trace
E0919 07:34:19.344988   37561 python_hooks.cc:416] Can't import tensorflow.python.profiler.trace
E0919 07:34:19.538258   37561 python_hooks.cc:416] Can't import tensorflow.python.profiler.trace
E0919 07:34:19.946686   37561 python_hooks.cc:416] Can't import tensorflow.python.profiler.trace
E0919 07:34:20.125091   37561 python_hooks.cc:416] Can't import tensorflow.python.profiler.trace
E0919 07:34:20.550123   37561 python_hooks.cc:416] Can't import tensorflow.python.profiler.trace
E0919 07:34:20.728544   37561 python_hooks.cc:416] Can't import tensorflow.python.profiler.trace
E0919 07:34:21.142007   37561 python_hooks.cc:416] Can't import tensorflow.python.profiler.trace
E0919 07:34:21.336193   37561 python_hooks.cc:416] Can't import tensorflow.python.profiler.trace
E0919 07:34:21.757383   37561 python_hooks.cc:416] Can't import tensorflow.python.profiler.trace
E0919 07:34:21.946091   37561 python_hooks.cc:416] Can't import tensorflow.python.profiler.trace
N6 [2/2] square_8192__profile
E0919 07:34:34.872031   37561 python_hooks.cc:416] Can't import tensorflow.python.profiler.trace
E0919 07:34:34.930936   37561 python_hooks.cc:416] Can't import tensorflow.python.profiler.trace
E0919 07:34:35.308986   37561 python_hooks.cc:416] Can't import tensorflow.python.profiler.trace
E0919 07:34:35.365239   37561 python_hooks.cc:416] Can't import tensorflow.python.profiler.trace
E0919 07:34:35.594038   37561 python_hooks.cc:416] Can't import tensorflow.python.profiler.trace
E0919 07:34:35.646276   37561 python_hooks.cc:416] Can't import tensorflow.python.profiler.trace
E0919 07:34:35.775756   37561 python_hooks.cc:416] Can't import tensorflow.python.profiler.trace
E0919 07:34:35.828253   37561 python_hooks.cc:416] Can't import tensorflow.python.profiler.trace
E0919 07:34:35.956310   37561 python_hooks.cc:416] Can't import tensorflow.python.profiler.trace
E0919 07:34:36.012464   37561 python_hooks.cc:416] Can't import tensorflow.python.profiler.trace
E0919 07:34:36.235922   37561 python_hooks.cc:416] Can't import tensorflow.python.profiler.trace
E0919 07:34:36.294263   37561 python_hooks.cc:416] Can't import tensorflow.python.profiler.trace
