accelerate==1.10.1
certifi==2026.7.22
charset-normalizer==3.5.1
filelock==3.32.3
fsspec==2026.7.0
hf-xet==1.6.0
huggingface-hub==0.34.4
idna==3.20
Jinja2==3.1.6
MarkupSafe==3.0.3
mpmath==1.3.0
networkx==3.6.1
numpy==2.2.6
packaging==26.3
protobuf==6.32.1
psutil==7.2.2
pyarrow==21.0.0
PyYAML==6.0.3
regex==2026.9.10
requests==2.34.2
safetensors==0.6.2
sentencepiece==0.2.1
setuptools==78.1.0
sympy==1.14.0
tokenizers==0.22.0
torch==2.8.0+cpu
tqdm==4.70.1
transformers==4.56.2
typing_extensions==4.16.0
urllib3==2.8.0
