/usr/local/lib/python3.13/dist-packages/jax/_src/cloud_tpu_init.py:86: UserWarning: Transparent hugepages are not enabled. TPU runtime startup and shutdown time should be significantly improved on TPU v5e and newer. If not already set, you may need to enable transparent hugepages in your VM image (sudo sh -c "echo always > /sys/kernel/mm/transparent_hugepage/enabled")
  warnings.warn(
N6 [1/3] vary_m_8192__profile
E0919 06:40:10.381655   19180 python_hooks.cc:416] Can't import tensorflow.python.profiler.trace
E0919 06:40:10.386544   19180 python_hooks.cc:416] Can't import tensorflow.python.profiler.trace
E0919 06:40:10.393819   19180 python_hooks.cc:416] Can't import tensorflow.python.profiler.trace
E0919 06:40:10.399021   19180 python_hooks.cc:416] Can't import tensorflow.python.profiler.trace
E0919 06:40:10.405191   19180 python_hooks.cc:416] Can't import tensorflow.python.profiler.trace
E0919 06:40:10.410072   19180 python_hooks.cc:416] Can't import tensorflow.python.profiler.trace
E0919 06:40:10.416518   19180 python_hooks.cc:416] Can't import tensorflow.python.profiler.trace
E0919 06:40:10.421441   19180 python_hooks.cc:416] Can't import tensorflow.python.profiler.trace
E0919 06:40:10.427524   19180 python_hooks.cc:416] Can't import tensorflow.python.profiler.trace
E0919 06:40:10.432619   19180 python_hooks.cc:416] Can't import tensorflow.python.profiler.trace
E0919 06:40:10.439039   19180 python_hooks.cc:416] Can't import tensorflow.python.profiler.trace
E0919 06:40:10.444241   19180 python_hooks.cc:416] Can't import tensorflow.python.profiler.trace
N6 [2/3] mkn_512_8192_2048__profile
E0919 06:40:13.237699   19180 python_hooks.cc:416] Can't import tensorflow.python.profiler.trace
E0919 06:40:13.240228   19180 python_hooks.cc:416] Can't import tensorflow.python.profiler.trace
E0919 06:40:13.246536   19180 python_hooks.cc:416] Can't import tensorflow.python.profiler.trace
E0919 06:40:13.249093   19180 python_hooks.cc:416] Can't import tensorflow.python.profiler.trace
E0919 06:40:13.255040   19180 python_hooks.cc:416] Can't import tensorflow.python.profiler.trace
E0919 06:40:13.257597   19180 python_hooks.cc:416] Can't import tensorflow.python.profiler.trace
E0919 06:40:13.263535   19180 python_hooks.cc:416] Can't import tensorflow.python.profiler.trace
E0919 06:40:13.266048   19180 python_hooks.cc:416] Can't import tensorflow.python.profiler.trace
E0919 06:40:13.271956   19180 python_hooks.cc:416] Can't import tensorflow.python.profiler.trace
E0919 06:40:13.274510   19180 python_hooks.cc:416] Can't import tensorflow.python.profiler.trace
E0919 06:40:13.280506   19180 python_hooks.cc:416] Can't import tensorflow.python.profiler.trace
E0919 06:40:13.283239   19180 python_hooks.cc:416] Can't import tensorflow.python.profiler.trace
N6 [3/3] small_m_8__profile
E0919 06:40:15.234065   19180 python_hooks.cc:416] Can't import tensorflow.python.profiler.trace
E0919 06:40:15.235953   19180 python_hooks.cc:416] Can't import tensorflow.python.profiler.trace
E0919 06:40:15.242065   19180 python_hooks.cc:416] Can't import tensorflow.python.profiler.trace
E0919 06:40:15.243876   19180 python_hooks.cc:416] Can't import tensorflow.python.profiler.trace
E0919 06:40:15.249763   19180 python_hooks.cc:416] Can't import tensorflow.python.profiler.trace
E0919 06:40:15.251721   19180 python_hooks.cc:416] Can't import tensorflow.python.profiler.trace
E0919 06:40:15.257466   19180 python_hooks.cc:416] Can't import tensorflow.python.profiler.trace
E0919 06:40:15.259400   19180 python_hooks.cc:416] Can't import tensorflow.python.profiler.trace
E0919 06:40:15.265322   19180 python_hooks.cc:416] Can't import tensorflow.python.profiler.trace
E0919 06:40:15.267175   19180 python_hooks.cc:416] Can't import tensorflow.python.profiler.trace
E0919 06:40:15.272714   19180 python_hooks.cc:416] Can't import tensorflow.python.profiler.trace
E0919 06:40:15.274470   19180 python_hooks.cc:416] Can't import tensorflow.python.profiler.trace
