/usr/local/lib/python3.13/dist-packages/jax/_src/cloud_tpu_init.py:86: UserWarning: Transparent hugepages are not enabled. TPU runtime startup and shutdown time should be significantly improved on TPU v5e and newer. If not already set, you may need to enable transparent hugepages in your VM image (sudo sh -c "echo always > /sys/kernel/mm/transparent_hugepage/enabled")
  warnings.warn(
N7-screen: 320 groups; fixed v5e cohort tpu-v5e1-s-kkb-usw1c1-3iv9vtqwssy8q
[1/320] held_square_768__candidate_pair_000 starting
[1/320] complete; {'ok': 6}
[2/320] held_square_768__candidate_pair_001 starting
[2/320] complete; {'ok': 10}
[3/320] held_square_768__candidate_pair_002 starting
[3/320] complete; {'ok': 14}
[4/320] held_square_768__candidate_pair_003 starting
[4/320] complete; {'ok': 17, 'oom': 1}
[5/320] held_square_768__candidate_pair_004 starting
[5/320] complete; {'ok': 21, 'oom': 1}
[6/320] held_square_768__candidate_pair_005 starting
[6/320] complete; {'ok': 25, 'oom': 1}
[7/320] held_square_768__candidate_pair_006 starting
[7/320] complete; {'ok': 29, 'oom': 1}
[8/320] held_square_768__candidate_pair_007 starting
[8/320] complete; {'ok': 33, 'oom': 1}
[9/320] held_square_768__candidate_pair_008 starting
[9/320] complete; {'ok': 37, 'oom': 1}
[10/320] held_square_768__candidate_pair_009 starting
[10/320] complete; {'ok': 41, 'oom': 1}
[11/320] held_square_768__candidate_pair_010 starting
[11/320] complete; {'ok': 45, 'oom': 1}
[12/320] held_square_768__candidate_pair_011 starting
[12/320] complete; {'ok': 48, 'oom': 2}
[13/320] held_square_768__candidate_pair_012 starting
[13/320] complete; {'ok': 52, 'oom': 2}
[14/320] held_square_768__candidate_pair_013 starting
[14/320] complete; {'ok': 56, 'oom': 2}
[15/320] held_square_768__candidate_pair_014 starting
[15/320] complete; {'ok': 60, 'oom': 2}
[16/320] held_square_768__candidate_pair_015 starting
[16/320] complete; {'ok': 64, 'oom': 2}
[17/320] held_square_768__candidate_pair_016 starting
[17/320] complete; {'ok': 67, 'oom': 3}
[18/320] held_square_768__candidate_pair_017 starting
[18/320] complete; {'ok': 71, 'oom': 3}
[19/320] held_square_768__candidate_pair_018 starting
[19/320] complete; {'ok': 75, 'oom': 3}
[20/320] held_square_768__candidate_pair_019 starting
[20/320] complete; {'ok': 79, 'oom': 3}
[21/320] held_square_1536__candidate_pair_000 starting
[21/320] complete; {'ok': 84, 'oom': 4}
[22/320] held_square_1536__candidate_pair_001 starting
[22/320] complete; {'ok': 88, 'oom': 4}
[23/320] held_square_1536__candidate_pair_002 starting
[23/320] complete; {'ok': 92, 'oom': 4}
[24/320] held_square_1536__candidate_pair_003 starting
[24/320] complete; {'ok': 96, 'oom': 4}
[25/320] held_square_1536__candidate_pair_004 starting
[25/320] complete; {'ok': 100, 'oom': 4}
[26/320] held_square_1536__candidate_pair_005 starting
[26/320] complete; {'ok': 103, 'oom': 5}
[27/320] held_square_1536__candidate_pair_006 starting
[27/320] complete; {'ok': 107, 'oom': 5}
[28/320] held_square_1536__candidate_pair_007 starting
[28/320] complete; {'ok': 111, 'oom': 5}
[29/320] held_square_1536__candidate_pair_008 starting
[29/320] complete; {'ok': 115, 'oom': 5}
[30/320] held_square_1536__candidate_pair_009 starting
[30/320] complete; {'ok': 118, 'oom': 6}
[31/320] held_square_1536__candidate_pair_010 starting
[31/320] complete; {'ok': 122, 'oom': 6}
[32/320] held_square_1536__candidate_pair_011 starting
[32/320] complete; {'ok': 126, 'oom': 6}
[33/320] held_square_1536__candidate_pair_012 starting
[33/320] complete; {'ok': 130, 'oom': 6}
[34/320] held_square_1536__candidate_pair_013 starting
[34/320] complete; {'ok': 134, 'oom': 6}
[35/320] held_square_1536__candidate_pair_014 starting
[35/320] complete; {'ok': 138, 'oom': 6}
[36/320] held_square_1536__candidate_pair_015 starting
[36/320] complete; {'ok': 142, 'oom': 6}
[37/320] held_square_1536__candidate_pair_016 starting
[37/320] complete; {'ok': 146, 'oom': 6}
[38/320] held_square_1536__candidate_pair_017 starting
[38/320] complete; {'ok': 150, 'oom': 6}
[39/320] held_square_1536__candidate_pair_018 starting
[39/320] complete; {'ok': 154, 'oom': 6}
[40/320] held_square_1536__candidate_pair_019 starting
[40/320] complete; {'ok': 158, 'oom': 6}
[41/320] held_small_m128__candidate_pair_000 starting
[41/320] complete; {'ok': 164, 'oom': 6}
[42/320] held_small_m128__candidate_pair_001 starting
[42/320] complete; {'ok': 168, 'oom': 6}
[43/320] held_small_m128__candidate_pair_002 starting
[43/320] complete; {'ok': 172, 'oom': 6}
[44/320] held_small_m128__candidate_pair_003 starting
[44/320] complete; {'ok': 176, 'oom': 6}
[45/320] held_small_m128__candidate_pair_004 starting
[45/320] complete; {'ok': 178, 'oom': 8}
[46/320] held_small_m128__candidate_pair_005 starting
[46/320] complete; {'ok': 182, 'oom': 8}
[47/320] held_small_m128__candidate_pair_006 starting
[47/320] complete; {'ok': 186, 'oom': 8}
[48/320] held_small_m128__candidate_pair_007 starting
[48/320] complete; {'ok': 190, 'oom': 8}
[49/320] held_small_m128__candidate_pair_008 starting
[49/320] complete; {'ok': 194, 'oom': 8}
[50/320] held_small_m128__candidate_pair_009 starting
[50/320] complete; {'ok': 198, 'oom': 8}
[51/320] held_small_m128__candidate_pair_010 starting
[51/320] complete; {'ok': 202, 'oom': 8}
[52/320] held_small_m128__candidate_pair_011 starting
[52/320] complete; {'ok': 206, 'oom': 8}
[53/320] held_small_m128__candidate_pair_012 starting
[53/320] complete; {'ok': 210, 'oom': 8}
[54/320] held_small_m128__candidate_pair_013 starting
[54/320] complete; {'ok': 212, 'oom': 10}
[55/320] held_small_m128__candidate_pair_014 starting
[55/320] complete; {'ok': 216, 'oom': 10}
[56/320] held_small_m128__candidate_pair_015 starting
[56/320] complete; {'ok': 220, 'oom': 10}
[57/320] held_small_m128__candidate_pair_016 starting
[57/320] complete; {'ok': 224, 'oom': 10}
[58/320] held_small_m128__candidate_pair_017 starting
[58/320] complete; {'ok': 226, 'oom': 12}
[59/320] held_small_m128__candidate_pair_018 starting
[59/320] complete; {'ok': 230, 'oom': 12}
[60/320] held_small_m128__candidate_pair_019 starting
[60/320] complete; {'ok': 234, 'oom': 12}
[61/320] held_tail_b__candidate_pair_000 starting
[61/320] complete; {'ok': 238, 'oom': 14}
[62/320] held_tail_b__candidate_pair_001 starting
[62/320] complete; {'ok': 242, 'oom': 14}
[63/320] held_tail_b__candidate_pair_002 starting
[63/320] complete; {'ok': 246, 'oom': 14}
[64/320] held_tail_b__candidate_pair_003 starting
[64/320] complete; {'ok': 250, 'oom': 14}
[65/320] held_tail_b__candidate_pair_004 starting
[65/320] complete; {'ok': 254, 'oom': 14}
[66/320] held_tail_b__candidate_pair_005 starting
[66/320] complete; {'ok': 258, 'oom': 14}
[67/320] held_tail_b__candidate_pair_006 starting
[67/320] complete; {'ok': 262, 'oom': 14}
[68/320] held_tail_b__candidate_pair_007 starting
[68/320] complete; {'ok': 264, 'oom': 16}
[69/320] held_tail_b__candidate_pair_008 starting
[69/320] complete; {'ok': 268, 'oom': 16}
[70/320] held_tail_b__candidate_pair_009 starting
[70/320] complete; {'ok': 272, 'oom': 16}
[71/320] held_tail_b__candidate_pair_010 starting
[71/320] complete; {'ok': 276, 'oom': 16}
[72/320] held_tail_b__candidate_pair_011 starting
[72/320] complete; {'ok': 280, 'oom': 16}
[73/320] held_tail_b__candidate_pair_012 starting
[73/320] complete; {'ok': 284, 'oom': 16}
[74/320] held_tail_b__candidate_pair_013 starting
[74/320] complete; {'ok': 288, 'oom': 16}
[75/320] held_tail_b__candidate_pair_014 starting
[75/320] complete; {'ok': 292, 'oom': 16}
[76/320] held_tail_b__candidate_pair_015 starting
[76/320] complete; {'ok': 294, 'oom': 18}
[77/320] held_tail_b__candidate_pair_016 starting
[77/320] complete; {'ok': 298, 'oom': 18}
[78/320] held_tail_b__candidate_pair_017 starting
[78/320] complete; {'ok': 302, 'oom': 18}
[79/320] held_tail_b__candidate_pair_018 starting
[79/320] complete; {'ok': 306, 'oom': 18}
[80/320] held_tail_b__candidate_pair_019 starting
[80/320] complete; {'ok': 310, 'oom': 18}
[81/320] held_small_m16__candidate_pair_000 starting
[81/320] complete; {'ok': 316, 'oom': 18}
[82/320] held_small_m16__candidate_pair_001 starting
[82/320] complete; {'ok': 320, 'oom': 18}
[83/320] held_small_m16__candidate_pair_002 starting
[83/320] complete; {'ok': 324, 'oom': 18}
[84/320] held_small_m16__candidate_pair_003 starting
[84/320] complete; {'ok': 328, 'oom': 18}
[85/320] held_small_m16__candidate_pair_004 starting
[85/320] complete; {'ok': 330, 'oom': 20}
[86/320] held_small_m16__candidate_pair_005 starting
[86/320] complete; {'ok': 334, 'oom': 20}
[87/320] held_small_m16__candidate_pair_006 starting
[87/320] complete; {'ok': 338, 'oom': 20}
[88/320] held_small_m16__candidate_pair_007 starting
[88/320] complete; {'ok': 342, 'oom': 20}
[89/320] held_small_m16__candidate_pair_008 starting
[89/320] complete; {'ok': 346, 'oom': 20}
[90/320] held_small_m16__candidate_pair_009 starting
[90/320] complete; {'ok': 348, 'oom': 22}
[91/320] held_small_m16__candidate_pair_010 starting
[91/320] complete; {'ok': 352, 'oom': 22}
[92/320] held_small_m16__candidate_pair_011 starting
[92/320] complete; {'ok': 356, 'oom': 22}
[93/320] held_small_m16__candidate_pair_012 starting
[93/320] complete; {'ok': 360, 'oom': 22}
[94/320] held_small_m16__candidate_pair_013 starting
[94/320] complete; {'ok': 362, 'oom': 24}
[95/320] held_small_m16__candidate_pair_014 starting
[95/320] complete; {'ok': 366, 'oom': 24}
[96/320] held_small_m16__candidate_pair_015 starting
[96/320] complete; {'ok': 370, 'oom': 24}
[97/320] held_small_m16__candidate_pair_016 starting
[97/320] complete; {'ok': 374, 'oom': 24}
[98/320] held_small_m16__candidate_pair_017 starting
[98/320] complete; {'ok': 378, 'oom': 24}
[99/320] held_small_m16__candidate_pair_018 starting
[99/320] complete; {'ok': 382, 'oom': 24}
[100/320] held_small_m16__candidate_pair_019 starting
[100/320] complete; {'ok': 386, 'oom': 24}
[101/320] held_rect_deep_k__candidate_pair_000 starting
[101/320] complete; {'ok': 392, 'oom': 24}
[102/320] held_rect_deep_k__candidate_pair_001 starting
[102/320] complete; {'ok': 396, 'oom': 24}
[103/320] held_rect_deep_k__candidate_pair_002 starting
[103/320] complete; {'ok': 400, 'oom': 24}
[104/320] held_rect_deep_k__candidate_pair_003 starting
[104/320] complete; {'ok': 402, 'oom': 26}
[105/320] held_rect_deep_k__candidate_pair_004 starting
[105/320] complete; {'ok': 406, 'oom': 26}
[106/320] held_rect_deep_k__candidate_pair_005 starting
[106/320] complete; {'ok': 410, 'oom': 26}
[107/320] held_rect_deep_k__candidate_pair_006 starting
[107/320] complete; {'ok': 414, 'oom': 26}
[108/320] held_rect_deep_k__candidate_pair_007 starting
[108/320] complete; {'ok': 418, 'oom': 26}
[109/320] held_rect_deep_k__candidate_pair_008 starting
[109/320] complete; {'ok': 422, 'oom': 26}
[110/320] held_rect_deep_k__candidate_pair_009 starting
[110/320] complete; {'ok': 424, 'oom': 28}
[111/320] held_rect_deep_k__candidate_pair_010 starting
[111/320] complete; {'ok': 428, 'oom': 28}
[112/320] held_rect_deep_k__candidate_pair_011 starting
[112/320] complete; {'ok': 432, 'oom': 28}
[113/320] held_rect_deep_k__candidate_pair_012 starting
[113/320] complete; {'ok': 436, 'oom': 28}
[114/320] held_rect_deep_k__candidate_pair_013 starting
[114/320] complete; {'ok': 440, 'oom': 28}
[115/320] held_rect_deep_k__candidate_pair_014 starting
[115/320] complete; {'ok': 444, 'oom': 28}
[116/320] held_rect_deep_k__candidate_pair_015 starting
[116/320] complete; {'ok': 448, 'oom': 28}
[117/320] held_rect_deep_k__candidate_pair_016 starting
[117/320] complete; {'ok': 450, 'oom': 30}
[118/320] held_rect_deep_k__candidate_pair_017 starting
[118/320] complete; {'ok': 454, 'oom': 30}
[119/320] held_rect_deep_k__candidate_pair_018 starting
[119/320] complete; {'ok': 458, 'oom': 30}
[120/320] held_rect_deep_k__candidate_pair_019 starting
[120/320] complete; {'ok': 462, 'oom': 30}
[121/320] held_tail_a__candidate_pair_000 starting
[121/320] complete; {'ok': 468, 'oom': 30}
[122/320] held_tail_a__candidate_pair_001 starting
[122/320] complete; {'ok': 472, 'oom': 30}
[123/320] held_tail_a__candidate_pair_002 starting
[123/320] complete; {'ok': 476, 'oom': 30}
[124/320] held_tail_a__candidate_pair_003 starting
[124/320] complete; {'ok': 478, 'oom': 32}
[125/320] held_tail_a__candidate_pair_004 starting
[125/320] complete; {'ok': 482, 'oom': 32}
[126/320] held_tail_a__candidate_pair_005 starting
[126/320] complete; {'ok': 486, 'oom': 32}
[127/320] held_tail_a__candidate_pair_006 starting
[127/320] complete; {'ok': 490, 'oom': 32}
[128/320] held_tail_a__candidate_pair_007 starting
[128/320] complete; {'ok': 494, 'oom': 32}
[129/320] held_tail_a__candidate_pair_008 starting
[129/320] complete; {'ok': 498, 'oom': 32}
[130/320] held_tail_a__candidate_pair_009 starting
[130/320] complete; {'ok': 502, 'oom': 32}
[131/320] held_tail_a__candidate_pair_010 starting
[131/320] complete; {'ok': 506, 'oom': 32}
[132/320] held_tail_a__candidate_pair_011 starting
[132/320] complete; {'ok': 510, 'oom': 32}
[133/320] held_tail_a__candidate_pair_012 starting
[133/320] complete; {'ok': 512, 'oom': 34}
[134/320] held_tail_a__candidate_pair_013 starting
[134/320] complete; {'ok': 516, 'oom': 34}
[135/320] held_tail_a__candidate_pair_014 starting
[135/320] complete; {'ok': 520, 'oom': 34}
[136/320] held_tail_a__candidate_pair_015 starting
[136/320] complete; {'ok': 524, 'oom': 34}
[137/320] held_tail_a__candidate_pair_016 starting
[137/320] complete; {'ok': 528, 'oom': 34}
[138/320] held_tail_a__candidate_pair_017 starting
[138/320] complete; {'ok': 532, 'oom': 34}
[139/320] held_tail_a__candidate_pair_018 starting
[139/320] complete; {'ok': 534, 'oom': 36}
[140/320] held_tail_a__candidate_pair_019 starting
[140/320] complete; {'ok': 538, 'oom': 36}
[141/320] held_rect_tall__candidate_pair_000 starting
[141/320] complete; {'ok': 543, 'oom': 37}
[142/320] held_rect_tall__candidate_pair_001 starting
[142/320] complete; {'ok': 547, 'oom': 37}
[143/320] held_rect_tall__candidate_pair_002 starting
[143/320] complete; {'ok': 551, 'oom': 37}
[144/320] held_rect_tall__candidate_pair_003 starting
[144/320] complete; {'ok': 555, 'oom': 37}
[145/320] held_rect_tall__candidate_pair_004 starting
[145/320] complete; {'ok': 559, 'oom': 37}
[146/320] held_rect_tall__candidate_pair_005 starting
[146/320] complete; {'ok': 563, 'oom': 37}
[147/320] held_rect_tall__candidate_pair_006 starting
[147/320] complete; {'ok': 567, 'oom': 37}
[148/320] held_rect_tall__candidate_pair_007 starting
[148/320] complete; {'ok': 571, 'oom': 37}
[149/320] held_rect_tall__candidate_pair_008 starting
[149/320] complete; {'ok': 573, 'oom': 39}
[150/320] held_rect_tall__candidate_pair_009 starting
[150/320] complete; {'ok': 577, 'oom': 39}
[151/320] held_rect_tall__candidate_pair_010 starting
[151/320] complete; {'ok': 581, 'oom': 39}
[152/320] held_rect_tall__candidate_pair_011 starting
[152/320] complete; {'ok': 585, 'oom': 39}
[153/320] held_rect_tall__candidate_pair_012 starting
[153/320] complete; {'ok': 589, 'oom': 39}
[154/320] held_rect_tall__candidate_pair_013 starting
[154/320] complete; {'ok': 593, 'oom': 39}
[155/320] held_rect_tall__candidate_pair_014 starting
[155/320] complete; {'ok': 597, 'oom': 39}
[156/320] held_rect_tall__candidate_pair_015 starting
[156/320] complete; {'ok': 601, 'oom': 39}
[157/320] held_rect_tall__candidate_pair_016 starting
[157/320] complete; {'ok': 605, 'oom': 39}
[158/320] held_rect_tall__candidate_pair_017 starting
[158/320] complete; {'ok': 609, 'oom': 39}
[159/320] held_rect_tall__candidate_pair_018 starting
[159/320] complete; {'ok': 613, 'oom': 39}
[160/320] held_rect_tall__candidate_pair_019 starting
[160/320] complete; {'ok': 617, 'oom': 39}
[161/320] held_rect_wide__candidate_pair_000 starting
[161/320] complete; {'ok': 623, 'oom': 39}
[162/320] held_rect_wide__candidate_pair_001 starting
[162/320] complete; {'ok': 627, 'oom': 39}
[163/320] held_rect_wide__candidate_pair_002 starting
[163/320] complete; {'ok': 631, 'oom': 39}
[164/320] held_rect_wide__candidate_pair_003 starting
[164/320] complete; {'ok': 633, 'oom': 41}
[165/320] held_rect_wide__candidate_pair_004 starting
[165/320] complete; {'ok': 637, 'oom': 41}
[166/320] held_rect_wide__candidate_pair_005 starting
[166/320] complete; {'ok': 641, 'oom': 41}
[167/320] held_rect_wide__candidate_pair_006 starting
[167/320] complete; {'ok': 645, 'oom': 41}
[168/320] held_rect_wide__candidate_pair_007 starting
[168/320] complete; {'ok': 649, 'oom': 41}
[169/320] held_rect_wide__candidate_pair_008 starting
[169/320] complete; {'ok': 653, 'oom': 41}
[170/320] held_rect_wide__candidate_pair_009 starting
[170/320] complete; {'ok': 657, 'oom': 41}
[171/320] held_rect_wide__candidate_pair_010 starting
[171/320] complete; {'ok': 661, 'oom': 41}
[172/320] held_rect_wide__candidate_pair_011 starting
[172/320] complete; {'ok': 665, 'oom': 41}
[173/320] held_rect_wide__candidate_pair_012 starting
[173/320] complete; {'ok': 667, 'oom': 43}
[174/320] held_rect_wide__candidate_pair_013 starting
[174/320] complete; {'ok': 671, 'oom': 43}
[175/320] held_rect_wide__candidate_pair_014 starting
[175/320] complete; {'ok': 675, 'oom': 43}
[176/320] held_rect_wide__candidate_pair_015 starting
[176/320] complete; {'ok': 679, 'oom': 43}
[177/320] held_rect_wide__candidate_pair_016 starting
[177/320] complete; {'ok': 681, 'oom': 45}
[178/320] held_rect_wide__candidate_pair_017 starting
[178/320] complete; {'ok': 685, 'oom': 45}
[179/320] held_rect_wide__candidate_pair_018 starting
[179/320] complete; {'ok': 689, 'oom': 45}
[180/320] held_rect_wide__candidate_pair_019 starting
[180/320] complete; {'ok': 693, 'oom': 45}
[181/320] held_square_3072__candidate_pair_000 starting
[181/320] complete; {'ok': 699, 'oom': 45}
[182/320] held_square_3072__candidate_pair_001 starting
[182/320] complete; {'ok': 703, 'oom': 45}
[183/320] held_square_3072__candidate_pair_002 starting
[183/320] complete; {'ok': 707, 'oom': 45}
[184/320] held_square_3072__candidate_pair_003 starting
[184/320] complete; {'ok': 711, 'oom': 45}
[185/320] held_square_3072__candidate_pair_004 starting
[185/320] complete; {'ok': 715, 'oom': 45}
[186/320] held_square_3072__candidate_pair_005 starting
[186/320] complete; {'ok': 717, 'oom': 47}
[187/320] held_square_3072__candidate_pair_006 starting
[187/320] complete; {'ok': 721, 'oom': 47}
[188/320] held_square_3072__candidate_pair_007 starting
[188/320] complete; {'ok': 725, 'oom': 47}
[189/320] held_square_3072__candidate_pair_008 starting
[189/320] complete; {'ok': 727, 'oom': 49}
[190/320] held_square_3072__candidate_pair_009 starting
[190/320] complete; {'ok': 731, 'oom': 49}
[191/320] held_square_3072__candidate_pair_010 starting
[191/320] complete; {'ok': 735, 'oom': 49}
[192/320] held_square_3072__candidate_pair_011 starting
[192/320] complete; {'ok': 737, 'oom': 51}
[193/320] held_square_3072__candidate_pair_012 starting
[193/320] complete; {'ok': 741, 'oom': 51}
[194/320] held_square_3072__candidate_pair_013 starting
[194/320] complete; {'ok': 745, 'oom': 51}
[195/320] held_square_3072__candidate_pair_014 starting
[195/320] complete; {'ok': 749, 'oom': 51}
[196/320] held_square_3072__candidate_pair_015 starting
[196/320] complete; {'ok': 753, 'oom': 51}
[197/320] held_square_3072__candidate_pair_016 starting
[197/320] complete; {'ok': 757, 'oom': 51}
[198/320] held_square_3072__candidate_pair_017 starting
[198/320] complete; {'ok': 761, 'oom': 51}
[199/320] held_square_3072__candidate_pair_018 starting
[199/320] complete; {'ok': 765, 'oom': 51}
[200/320] held_square_3072__candidate_pair_019 starting
[200/320] complete; {'ok': 769, 'oom': 51}
[201/320] held_rect_short_k__candidate_pair_000 starting
[201/320] complete; {'ok': 775, 'oom': 51}
[202/320] held_rect_short_k__candidate_pair_001 starting
[202/320] complete; {'ok': 777, 'oom': 53}
[203/320] held_rect_short_k__candidate_pair_002 starting
[203/320] complete; {'ok': 781, 'oom': 53}
[204/320] held_rect_short_k__candidate_pair_003 starting
[204/320] complete; {'ok': 785, 'oom': 53}
[205/320] held_rect_short_k__candidate_pair_004 starting
[205/320] complete; {'ok': 789, 'oom': 53}
[206/320] held_rect_short_k__candidate_pair_005 starting
[206/320] complete; {'ok': 793, 'oom': 53}
[207/320] held_rect_short_k__candidate_pair_006 starting
[207/320] complete; {'ok': 797, 'oom': 53}
[208/320] held_rect_short_k__candidate_pair_007 starting
[208/320] complete; {'ok': 797, 'oom': 57}
[209/320] held_rect_short_k__candidate_pair_008 starting
[209/320] complete; {'ok': 801, 'oom': 57}
[210/320] held_rect_short_k__candidate_pair_009 starting
[210/320] complete; {'ok': 805, 'oom': 57}
[211/320] held_rect_short_k__candidate_pair_010 starting
[211/320] complete; {'ok': 809, 'oom': 57}
[212/320] held_rect_short_k__candidate_pair_011 starting
[212/320] complete; {'ok': 813, 'oom': 57}
[213/320] held_rect_short_k__candidate_pair_012 starting
[213/320] complete; {'ok': 817, 'oom': 57}
[214/320] held_rect_short_k__candidate_pair_013 starting
[214/320] complete; {'ok': 821, 'oom': 57}
[215/320] held_rect_short_k__candidate_pair_014 starting
[215/320] complete; {'ok': 825, 'oom': 57}
[216/320] held_rect_short_k__candidate_pair_015 starting
[216/320] complete; {'ok': 829, 'oom': 57}
[217/320] held_rect_short_k__candidate_pair_016 starting
[217/320] complete; {'ok': 833, 'oom': 57}
[218/320] held_rect_short_k__candidate_pair_017 starting
[218/320] complete; {'ok': 837, 'oom': 57}
[219/320] held_rect_short_k__candidate_pair_018 starting
[219/320] complete; {'ok': 841, 'oom': 57}
[220/320] held_rect_short_k__candidate_pair_019 starting
[220/320] complete; {'ok': 845, 'oom': 57}
[221/320] held_qwen_down__candidate_pair_000 starting
[221/320] complete; {'ok': 851, 'oom': 57}
[222/320] held_qwen_down__candidate_pair_001 starting
[222/320] complete; {'ok': 855, 'oom': 57}
[223/320] held_qwen_down__candidate_pair_002 starting
[223/320] complete; {'ok': 859, 'oom': 57}
[224/320] held_qwen_down__candidate_pair_003 starting
[224/320] complete; {'ok': 863, 'oom': 57}
[225/320] held_qwen_down__candidate_pair_004 starting
[225/320] complete; {'ok': 867, 'oom': 57}
[226/320] held_qwen_down__candidate_pair_005 starting
[226/320] complete; {'ok': 869, 'oom': 59}
[227/320] held_qwen_down__candidate_pair_006 starting
[227/320] complete; {'ok': 873, 'oom': 59}
[228/320] held_qwen_down__candidate_pair_007 starting
[228/320] complete; {'ok': 877, 'oom': 59}
[229/320] held_qwen_down__candidate_pair_008 starting
[229/320] complete; {'ok': 879, 'oom': 61}
[230/320] held_qwen_down__candidate_pair_009 starting
[230/320] complete; {'ok': 883, 'oom': 61}
[231/320] held_qwen_down__candidate_pair_010 starting
[231/320] complete; {'ok': 887, 'oom': 61}
[232/320] held_qwen_down__candidate_pair_011 starting
[232/320] complete; {'ok': 891, 'oom': 61}
[233/320] held_qwen_down__candidate_pair_012 starting
[233/320] complete; {'ok': 895, 'oom': 61}
[234/320] held_qwen_down__candidate_pair_013 starting
[234/320] complete; {'ok': 899, 'oom': 61}
[235/320] held_qwen_down__candidate_pair_014 starting
[235/320] complete; {'ok': 903, 'oom': 61}
[236/320] held_qwen_down__candidate_pair_015 starting
[236/320] complete; {'ok': 907, 'oom': 61}
[237/320] held_qwen_down__candidate_pair_016 starting
[237/320] complete; {'ok': 911, 'oom': 61}
[238/320] held_qwen_down__candidate_pair_017 starting
[238/320] complete; {'ok': 915, 'oom': 61}
[239/320] held_qwen_down__candidate_pair_018 starting
[239/320] complete; {'ok': 917, 'oom': 63}
[240/320] held_qwen_down__candidate_pair_019 starting
[240/320] complete; {'ok': 921, 'oom': 63}
[241/320] held_gemma_gateup__candidate_pair_000 starting
[241/320] complete; {'ok': 927, 'oom': 63}
[242/320] held_gemma_gateup__candidate_pair_001 starting
[242/320] complete; {'ok': 931, 'oom': 63}
[243/320] held_gemma_gateup__candidate_pair_002 starting
[243/320] complete; {'ok': 935, 'oom': 63}
[244/320] held_gemma_gateup__candidate_pair_003 starting
[244/320] complete; {'ok': 939, 'oom': 63}
[245/320] held_gemma_gateup__candidate_pair_004 starting
[245/320] complete; {'ok': 943, 'oom': 63}
[246/320] held_gemma_gateup__candidate_pair_005 starting
[246/320] complete; {'ok': 947, 'oom': 63}
[247/320] held_gemma_gateup__candidate_pair_006 starting
[247/320] complete; {'ok': 949, 'oom': 65}
[248/320] held_gemma_gateup__candidate_pair_007 starting
[248/320] complete; {'ok': 953, 'oom': 65}
[249/320] held_gemma_gateup__candidate_pair_008 starting
[249/320] complete; {'ok': 957, 'oom': 65}
[250/320] held_gemma_gateup__candidate_pair_009 starting
[250/320] complete; {'ok': 959, 'oom': 67}
[251/320] held_gemma_gateup__candidate_pair_010 starting
[251/320] complete; {'ok': 963, 'oom': 67}
[252/320] held_gemma_gateup__candidate_pair_011 starting
[252/320] complete; {'ok': 967, 'oom': 67}
[253/320] held_gemma_gateup__candidate_pair_012 starting
[253/320] complete; {'ok': 971, 'oom': 67}
[254/320] held_gemma_gateup__candidate_pair_013 starting
[254/320] complete; {'ok': 975, 'oom': 67}
[255/320] held_gemma_gateup__candidate_pair_014 starting
[255/320] complete; {'ok': 979, 'oom': 67}
[256/320] held_gemma_gateup__candidate_pair_015 starting
[256/320] complete; {'ok': 983, 'oom': 67}
[257/320] held_gemma_gateup__candidate_pair_016 starting
[257/320] complete; {'ok': 987, 'oom': 67}
[258/320] held_gemma_gateup__candidate_pair_017 starting
[258/320] complete; {'ok': 991, 'oom': 67}
[259/320] held_gemma_gateup__candidate_pair_018 starting
[259/320] complete; {'ok': 995, 'oom': 67}
[260/320] held_gemma_gateup__candidate_pair_019 starting
[260/320] complete; {'ok': 997, 'oom': 69}
[261/320] held_square_6144__candidate_pair_000 starting
[261/320] complete; {'ok': 1001, 'oom': 71}
[262/320] held_square_6144__candidate_pair_001 starting
[262/320] complete; {'ok': 1005, 'oom': 71}
[263/320] held_square_6144__candidate_pair_002 starting
[263/320] complete; {'ok': 1009, 'oom': 71}
[264/320] held_square_6144__candidate_pair_003 starting
[264/320] complete; {'ok': 1013, 'oom': 71}
[265/320] held_square_6144__candidate_pair_004 starting
[265/320] complete; {'ok': 1017, 'oom': 71}
[266/320] held_square_6144__candidate_pair_005 starting
[266/320] complete; {'ok': 1021, 'oom': 71}
[267/320] held_square_6144__candidate_pair_006 starting
[267/320] complete; {'ok': 1025, 'oom': 71}
[268/320] held_square_6144__candidate_pair_007 starting
[268/320] complete; {'ok': 1029, 'oom': 71}
[269/320] held_square_6144__candidate_pair_008 starting
[269/320] complete; {'ok': 1033, 'oom': 71}
[270/320] held_square_6144__candidate_pair_009 starting
[270/320] complete; {'ok': 1037, 'oom': 71}
[271/320] held_square_6144__candidate_pair_010 starting
[271/320] complete; {'ok': 1041, 'oom': 71}
[272/320] held_square_6144__candidate_pair_011 starting
[272/320] complete; {'ok': 1043, 'oom': 73}
[273/320] held_square_6144__candidate_pair_012 starting
[273/320] complete; {'ok': 1047, 'oom': 73}
[274/320] held_square_6144__candidate_pair_013 starting
[274/320] complete; {'ok': 1051, 'oom': 73}
[275/320] held_square_6144__candidate_pair_014 starting
[275/320] complete; {'ok': 1055, 'oom': 73}
[276/320] held_square_6144__candidate_pair_015 starting
[276/320] complete; {'ok': 1059, 'oom': 73}
[277/320] held_square_6144__candidate_pair_016 starting
[277/320] complete; {'ok': 1061, 'oom': 75}
[278/320] held_square_6144__candidate_pair_017 starting
[278/320] complete; {'ok': 1065, 'oom': 75}
[279/320] held_square_6144__candidate_pair_018 starting
[279/320] complete; {'ok': 1069, 'oom': 75}
[280/320] held_square_6144__candidate_pair_019 starting
[280/320] complete; {'ok': 1073, 'oom': 75}
[281/320] held_mistral_gateup__candidate_pair_000 starting
[281/320] complete; {'ok': 1079, 'oom': 75}
[282/320] held_mistral_gateup__candidate_pair_001 starting
[282/320] complete; {'ok': 1083, 'oom': 75}
[283/320] held_mistral_gateup__candidate_pair_002 starting
[283/320] complete; {'ok': 1087, 'oom': 75}
[284/320] held_mistral_gateup__candidate_pair_003 starting
[284/320] complete; {'ok': 1091, 'oom': 75}
[285/320] held_mistral_gateup__candidate_pair_004 starting
[285/320] complete; {'ok': 1095, 'oom': 75}
[286/320] held_mistral_gateup__candidate_pair_005 starting
[286/320] complete; {'ok': 1099, 'oom': 75}
[287/320] held_mistral_gateup__candidate_pair_006 starting
[287/320] complete; {'ok': 1103, 'oom': 75}
[288/320] held_mistral_gateup__candidate_pair_007 starting
[288/320] complete; {'ok': 1107, 'oom': 75}
[289/320] held_mistral_gateup__candidate_pair_008 starting
[289/320] complete; {'ok': 1109, 'oom': 77}
[290/320] held_mistral_gateup__candidate_pair_009 starting
[290/320] complete; {'ok': 1113, 'oom': 77}
[291/320] held_mistral_gateup__candidate_pair_010 starting
[291/320] complete; {'ok': 1117, 'oom': 77}
[292/320] held_mistral_gateup__candidate_pair_011 starting
[292/320] complete; {'ok': 1121, 'oom': 77}
[293/320] held_mistral_gateup__candidate_pair_012 starting
[293/320] complete; {'ok': 1123, 'oom': 79}
[294/320] held_mistral_gateup__candidate_pair_013 starting
[294/320] complete; {'ok': 1127, 'oom': 79}
[295/320] held_mistral_gateup__candidate_pair_014 starting
[295/320] complete; {'ok': 1131, 'oom': 79}
[296/320] held_mistral_gateup__candidate_pair_015 starting
[296/320] complete; {'ok': 1133, 'oom': 81}
[297/320] held_mistral_gateup__candidate_pair_016 starting
[297/320] complete; {'ok': 1137, 'oom': 81}
[298/320] held_mistral_gateup__candidate_pair_017 starting
[298/320] complete; {'ok': 1141, 'oom': 81}
[299/320] held_mistral_gateup__candidate_pair_018 starting
[299/320] complete; {'ok': 1145, 'oom': 81}
[300/320] held_mistral_gateup__candidate_pair_019 starting
[300/320] complete; {'ok': 1149, 'oom': 81}
[301/320] held_qwen_gateup__candidate_pair_000 starting
[301/320] complete; {'ok': 1155, 'oom': 81}
[302/320] held_qwen_gateup__candidate_pair_001 starting
[302/320] complete; {'ok': 1159, 'oom': 81}
[303/320] held_qwen_gateup__candidate_pair_002 starting
[303/320] complete; {'ok': 1163, 'oom': 81}
[304/320] held_qwen_gateup__candidate_pair_003 starting
[304/320] complete; {'ok': 1167, 'oom': 81}
[305/320] held_qwen_gateup__candidate_pair_004 starting
[305/320] complete; {'ok': 1169, 'oom': 83}
[306/320] held_qwen_gateup__candidate_pair_005 starting
[306/320] complete; {'ok': 1173, 'oom': 83}
[307/320] held_qwen_gateup__candidate_pair_006 starting
[307/320] complete; {'ok': 1177, 'oom': 83}
[308/320] held_qwen_gateup__candidate_pair_007 starting
[308/320] complete; {'ok': 1179, 'oom': 85}
[309/320] held_qwen_gateup__candidate_pair_008 starting
[309/320] complete; {'ok': 1183, 'oom': 85}
[310/320] held_qwen_gateup__candidate_pair_009 starting
[310/320] complete; {'ok': 1187, 'oom': 85}
[311/320] held_qwen_gateup__candidate_pair_010 starting
[311/320] complete; {'ok': 1189, 'oom': 87}
[312/320] held_qwen_gateup__candidate_pair_011 starting
[312/320] complete; {'ok': 1193, 'oom': 87}
[313/320] held_qwen_gateup__candidate_pair_012 starting
[313/320] complete; {'ok': 1197, 'oom': 87}
[314/320] held_qwen_gateup__candidate_pair_013 starting
[314/320] complete; {'ok': 1201, 'oom': 87}
[315/320] held_qwen_gateup__candidate_pair_014 starting
[315/320] complete; {'ok': 1205, 'oom': 87}
[316/320] held_qwen_gateup__candidate_pair_015 starting
[316/320] complete; {'ok': 1209, 'oom': 87}
[317/320] held_qwen_gateup__candidate_pair_016 starting
[317/320] complete; {'ok': 1213, 'oom': 87}
[318/320] held_qwen_gateup__candidate_pair_017 starting
[318/320] complete; {'ok': 1217, 'oom': 87}
[319/320] held_qwen_gateup__candidate_pair_018 starting
[319/320] complete; {'ok': 1221, 'oom': 87}
[320/320] held_qwen_gateup__candidate_pair_019 starting
[320/320] complete; {'ok': 1225, 'oom': 87}
